src/app/api/workflows/execute/route.ts(70,49): error TS2345: Argument of type 'Node[]' is not assignable to parameter of type 'Node<WorkflowNodeData>[]'.
  Type 'Node' is not assignable to type 'Node<WorkflowNodeData>'.
    Type 'Node' is not assignable to type '{ id: string; position: XYPosition; data: WorkflowNodeData; sourcePosition?: Position | undefined; targetPosition?: Position | undefined; ... 19 more ...; measured?: { ...; } | undefined; }'.
      Types of property 'data' are incompatible.
        Type 'Record<string, unknown>' is not assignable to type 'WorkflowNodeData'.
